// Vitest Snapshot v1, https://vitest.dev/guide/snapshot.html

exports[`Snapshot test > Test whether app matches snapshot 1`] = `
{
  "asFragment": [Function],
  "baseElement": <body>
    <div>
      <nav
        class="nav"
      >
        <img
          alt="csgo-players"
          class="nav-logo"
          src="logo.png"
        />
      </nav>
      <div
        class="body"
      >
        <div
          class="options"
        >
          <div
            class="filter-and-sort"
          >
            <div
              class="label"
            >
              <p>
                Filter by country: 
              </p>
              <p>
                Sort options: 
              </p>
            </div>
            <div
              class="select"
            >
              <select
                class="dropdown"
                data-testid="selected-country-dropdown"
                id="country"
                name="country"
              >
                <option
                  data-testid="country-select-option"
                  value=""
                >
                  All countries
                </option>
              </select>
              <select
                class="dropdown"
                data-testid="sort-option-dropdown"
                id="sort"
                name="sort"
              >
                <option
                  value="rank-ascending"
                >
                  By rank (ascending)
                </option>
                <option
                  value="rank-descending"
                >
                  By rank (descending)
                </option>
                <option
                  value="name-a-z"
                >
                  By team name (a-z)
                </option>
                <option
                  value="name-z-a"
                >
                  By team name (z-a)
                </option>
              </select>
            </div>
          </div>
          <div
            class="checkboxes"
          >
            <div
              class="label"
            >
              <p>
                Show international teams: 
              </p>
              <p>
                Show only favorite teams: 
              </p>
            </div>
            <div
              class="select"
            >
              <input
                checked=""
                data-testid="international-checkbox"
                id="international"
                name="international"
                type="checkbox"
              />
              <input
                data-testid="favorite-checkbox"
                id="favorite"
                name="favorite"
                type="checkbox"
              />
            </div>
          </div>
        </div>
        <hr
          class="solid"
        />
        <div
          class="teams-container"
          data-testid="teams"
        >
          No teams match your current filters
        </div>
      </div>
    </div>
  </body>,
  "container": <div>
    <nav
      class="nav"
    >
      <img
        alt="csgo-players"
        class="nav-logo"
        src="logo.png"
      />
    </nav>
    <div
      class="body"
    >
      <div
        class="options"
      >
        <div
          class="filter-and-sort"
        >
          <div
            class="label"
          >
            <p>
              Filter by country: 
            </p>
            <p>
              Sort options: 
            </p>
          </div>
          <div
            class="select"
          >
            <select
              class="dropdown"
              data-testid="selected-country-dropdown"
              id="country"
              name="country"
            >
              <option
                data-testid="country-select-option"
                value=""
              >
                All countries
              </option>
            </select>
            <select
              class="dropdown"
              data-testid="sort-option-dropdown"
              id="sort"
              name="sort"
            >
              <option
                value="rank-ascending"
              >
                By rank (ascending)
              </option>
              <option
                value="rank-descending"
              >
                By rank (descending)
              </option>
              <option
                value="name-a-z"
              >
                By team name (a-z)
              </option>
              <option
                value="name-z-a"
              >
                By team name (z-a)
              </option>
            </select>
          </div>
        </div>
        <div
          class="checkboxes"
        >
          <div
            class="label"
          >
            <p>
              Show international teams: 
            </p>
            <p>
              Show only favorite teams: 
            </p>
          </div>
          <div
            class="select"
          >
            <input
              checked=""
              data-testid="international-checkbox"
              id="international"
              name="international"
              type="checkbox"
            />
            <input
              data-testid="favorite-checkbox"
              id="favorite"
              name="favorite"
              type="checkbox"
            />
          </div>
        </div>
      </div>
      <hr
        class="solid"
      />
      <div
        class="teams-container"
        data-testid="teams"
      >
        No teams match your current filters
      </div>
    </div>
  </div>,
  "debug": [Function],
  "findAllByAltText": [Function],
  "findAllByDisplayValue": [Function],
  "findAllByLabelText": [Function],
  "findAllByPlaceholderText": [Function],
  "findAllByRole": [Function],
  "findAllByTestId": [Function],
  "findAllByText": [Function],
  "findAllByTitle": [Function],
  "findByAltText": [Function],
  "findByDisplayValue": [Function],
  "findByLabelText": [Function],
  "findByPlaceholderText": [Function],
  "findByRole": [Function],
  "findByTestId": [Function],
  "findByText": [Function],
  "findByTitle": [Function],
  "getAllByAltText": [Function],
  "getAllByDisplayValue": [Function],
  "getAllByLabelText": [Function],
  "getAllByPlaceholderText": [Function],
  "getAllByRole": [Function],
  "getAllByTestId": [Function],
  "getAllByText": [Function],
  "getAllByTitle": [Function],
  "getByAltText": [Function],
  "getByDisplayValue": [Function],
  "getByLabelText": [Function],
  "getByPlaceholderText": [Function],
  "getByRole": [Function],
  "getByTestId": [Function],
  "getByText": [Function],
  "getByTitle": [Function],
  "queryAllByAltText": [Function],
  "queryAllByDisplayValue": [Function],
  "queryAllByLabelText": [Function],
  "queryAllByPlaceholderText": [Function],
  "queryAllByRole": [Function],
  "queryAllByTestId": [Function],
  "queryAllByText": [Function],
  "queryAllByTitle": [Function],
  "queryByAltText": [Function],
  "queryByDisplayValue": [Function],
  "queryByLabelText": [Function],
  "queryByPlaceholderText": [Function],
  "queryByRole": [Function],
  "queryByTestId": [Function],
  "queryByText": [Function],
  "queryByTitle": [Function],
  "rerender": [Function],
  "unmount": [Function],
}
`;
